<?xml version="1.0" encoding="UTF-8"?>
<testng-results ignored="0" total="12" passed="12" failed="0" skipped="0">
  <reporter-output>
  </reporter-output>
  <suite started-at="2023-10-12T16:19:06 IST" name="Gradle suite" finished-at="2023-10-12T16:26:50 IST" duration-ms="464061">
    <groups>
      <group name="Regression">
        <method signature="testCase_01.TestCase01(java.lang.String,java.lang.String)[pri:1, instance:qtriptest.tests.testCase_01@1de5f259]" name="TestCase01" class="qtriptest.tests.testCase_01"/>
        <method signature="testCase_02.TestCase02(java.lang.String,java.lang.String,java.lang.String,int,int)[pri:1, instance:qtriptest.tests.testCase_02@7d4f9aae]" name="TestCase02" class="qtriptest.tests.testCase_02"/>
        <method signature="testCase_03.TestCase03(java.lang.String,java.lang.String,java.lang.String,java.lang.String,java.lang.String,java.lang.String,java.lang.String)[pri:1, instance:qtriptest.tests.testCase_03@72e5a8e]" name="TestCase03" class="qtriptest.tests.testCase_03"/>
        <method signature="testCase_04.TestCase04(java.lang.String,java.lang.String,java.lang.String,java.lang.String,java.lang.String)[pri:1, instance:qtriptest.tests.testCase_04@54e1c68b]" name="TestCase04" class="qtriptest.tests.testCase_04"/>
      </group> <!-- Regression -->
    </groups>
    <test started-at="2023-10-12T16:19:06 IST" name="Gradle test" finished-at="2023-10-12T16:26:50 IST" duration-ms="464061">
      <class name="qtriptest.DriverSingleton">
        <test-method is-config="true" signature="createDriver()[pri:0, instance:qtriptest.DriverSingleton@2805d709]" started-at="2023-10-12T16:19:04 IST" name="createDriver" finished-at="2023-10-12T16:19:06 IST" duration-ms="2229" status="PASS">
          <reporter-output>
          </reporter-output>
        </test-method> <!-- createDriver -->
        <test-method is-config="true" signature="quitDriver()[pri:0, instance:qtriptest.DriverSingleton@2805d709]" started-at="2023-10-12T16:26:50 IST" name="quitDriver" finished-at="2023-10-12T16:26:50 IST" duration-ms="67" status="PASS">
          <reporter-output>
          </reporter-output>
        </test-method> <!-- quitDriver -->
      </class> <!-- qtriptest.DriverSingleton -->
      <class name="qtriptest.tests.testCase_01">
        <test-method is-config="true" signature="setupDriver()[pri:0, instance:qtriptest.tests.testCase_01@1de5f259]" started-at="2023-10-12T16:19:06 IST" name="setupDriver" finished-at="2023-10-12T16:19:06 IST" duration-ms="5" status="PASS">
          <reporter-output>
          </reporter-output>
        </test-method> <!-- setupDriver -->
        <test-method signature="TestCase01(java.lang.String,java.lang.String)[pri:1, instance:qtriptest.tests.testCase_01@1de5f259]" started-at="2023-10-12T16:19:06 IST" name="TestCase01" description="Login" data-provider="loginTestData" finished-at="2023-10-12T16:19:12 IST" duration-ms="5889" status="PASS">
          <params>
            <param index="0">
              <value>
                <![CDATA[testuser@gmail.com]]>
              </value>
            </param>
            <param index="1">
              <value>
                <![CDATA[abc@123]]>
              </value>
            </param>
          </params>
          <reporter-output>
          </reporter-output>
        </test-method> <!-- TestCase01 -->
        <test-method signature="TestCase01(java.lang.String,java.lang.String)[pri:1, instance:qtriptest.tests.testCase_01@1de5f259]" started-at="2023-10-12T16:19:12 IST" name="TestCase01" description="Login" data-provider="loginTestData" finished-at="2023-10-12T16:19:16 IST" duration-ms="4020" status="PASS">
          <params>
            <param index="0">
              <value>
                <![CDATA[TESTUSER@gmail.com]]>
              </value>
            </param>
            <param index="1">
              <value>
                <![CDATA[123456]]>
              </value>
            </param>
          </params>
          <reporter-output>
          </reporter-output>
        </test-method> <!-- TestCase01 -->
        <test-method signature="TestCase01(java.lang.String,java.lang.String)[pri:1, instance:qtriptest.tests.testCase_01@1de5f259]" started-at="2023-10-12T16:19:16 IST" name="TestCase01" description="Login" data-provider="loginTestData" finished-at="2023-10-12T16:19:20 IST" duration-ms="4351" status="PASS">
          <params>
            <param index="0">
              <value>
                <![CDATA[123_USER_low@gmail.com]]>
              </value>
            </param>
            <param index="1">
              <value>
                <![CDATA[QWERTY!!!!]]>
              </value>
            </param>
          </params>
          <reporter-output>
          </reporter-output>
        </test-method> <!-- TestCase01 -->
        <test-method is-config="true" signature="teardownDriver()[pri:0, instance:qtriptest.tests.testCase_01@1de5f259]" started-at="2023-10-12T16:26:50 IST" name="teardownDriver" finished-at="2023-10-12T16:26:50 IST" duration-ms="7" status="PASS">
          <reporter-output>
          </reporter-output>
        </test-method> <!-- teardownDriver -->
      </class> <!-- qtriptest.tests.testCase_01 -->
      <class name="qtriptest.tests.testCase_04">
        <test-method is-config="true" signature="setupDriver()[pri:0, instance:qtriptest.tests.testCase_04@54e1c68b]" started-at="2023-10-12T16:19:06 IST" name="setupDriver" finished-at="2023-10-12T16:19:06 IST" duration-ms="1" status="PASS">
          <reporter-output>
          </reporter-output>
        </test-method> <!-- setupDriver -->
        <test-method signature="TestCase04(java.lang.String,java.lang.String,java.lang.String,java.lang.String,java.lang.String)[pri:1, instance:qtriptest.tests.testCase_04@54e1c68b]" started-at="2023-10-12T16:21:55 IST" name="TestCase04" description="Booking History Flow" data-provider="bookingTestData" finished-at="2023-10-12T16:23:31 IST" duration-ms="96564" status="PASS">
          <params>
            <param index="0">
              <value>
                <![CDATA[TC4_1@gmail.com]]>
              </value>
            </param>
            <param index="1">
              <value>
                <![CDATA[abc@123]]>
              </value>
            </param>
            <param index="2">
              <value>
                <![CDATA[Bengaluru;Niaboytown;Chicky;01-01-2025;2]]>
              </value>
            </param>
            <param index="3">
              <value>
                <![CDATA[Kolkata;Thton;Cha Cha;01-02-2025;3]]>
              </value>
            </param>
            <param index="4">
              <value>
                <![CDATA[Malaysia;Wootkentree;Bom Bom;02-12-2025;1]]>
              </value>
            </param>
          </params>
          <reporter-output>
          </reporter-output>
        </test-method> <!-- TestCase04 -->
        <test-method signature="TestCase04(java.lang.String,java.lang.String,java.lang.String,java.lang.String,java.lang.String)[pri:1, instance:qtriptest.tests.testCase_04@54e1c68b]" started-at="2023-10-12T16:23:31 IST" name="TestCase04" description="Booking History Flow" data-provider="bookingTestData" finished-at="2023-10-12T16:25:08 IST" duration-ms="96966" status="PASS">
          <params>
            <param index="0">
              <value>
                <![CDATA[TC4_2@gmail.com]]>
              </value>
            </param>
            <param index="1">
              <value>
                <![CDATA[abc@321]]>
              </value>
            </param>
            <param index="2">
              <value>
                <![CDATA[Bengaluru;Fort Sionnnn;Chicky;01-01-2025;2]]>
              </value>
            </param>
            <param index="3">
              <value>
                <![CDATA[Kolkata;North Gelgoon;Cha Cha;01-02-2025;3]]>
              </value>
            </param>
            <param index="4">
              <value>
                <![CDATA[Malaysia;Wootkentree;Lya;02-12-2025;1]]>
              </value>
            </param>
          </params>
          <reporter-output>
          </reporter-output>
        </test-method> <!-- TestCase04 -->
        <test-method signature="TestCase04(java.lang.String,java.lang.String,java.lang.String,java.lang.String,java.lang.String)[pri:1, instance:qtriptest.tests.testCase_04@54e1c68b]" started-at="2023-10-12T16:25:08 IST" name="TestCase04" description="Booking History Flow" data-provider="bookingTestData" finished-at="2023-10-12T16:26:45 IST" duration-ms="96692" status="PASS">
          <params>
            <param index="0">
              <value>
                <![CDATA[TC4_3@gmail.com]]>
              </value>
            </param>
            <param index="1">
              <value>
                <![CDATA[abc@321]]>
              </value>
            </param>
            <param index="2">
              <value>
                <![CDATA[Goa;Perthby;Chicky;01-01-2025;2]]>
              </value>
            </param>
            <param index="3">
              <value>
                <![CDATA[Bengaluru;Niaboytown;Chicky;01-01-2025;2]]>
              </value>
            </param>
            <param index="4">
              <value>
                <![CDATA[Bengaluru;Fort Sionnnn;Chicky;01-01-2025;2]]>
              </value>
            </param>
          </params>
          <reporter-output>
          </reporter-output>
        </test-method> <!-- TestCase04 -->
        <test-method is-config="true" signature="getReservations()[pri:0, instance:qtriptest.tests.testCase_04@54e1c68b]" started-at="2023-10-12T16:26:45 IST" name="getReservations" finished-at="2023-10-12T16:26:50 IST" duration-ms="5312" status="PASS">
          <reporter-output>
          </reporter-output>
        </test-method> <!-- getReservations -->
        <test-method is-config="true" signature="teardownDriver()[pri:0, instance:qtriptest.tests.testCase_04@54e1c68b]" started-at="2023-10-12T16:26:50 IST" name="teardownDriver" finished-at="2023-10-12T16:26:50 IST" duration-ms="27" status="PASS">
          <reporter-output>
          </reporter-output>
        </test-method> <!-- teardownDriver -->
      </class> <!-- qtriptest.tests.testCase_04 -->
      <class name="qtriptest.tests.testCase_03">
        <test-method is-config="true" signature="setupDriver()[pri:0, instance:qtriptest.tests.testCase_03@72e5a8e]" started-at="2023-10-12T16:19:06 IST" name="setupDriver" finished-at="2023-10-12T16:19:06 IST" duration-ms="1" status="PASS">
          <reporter-output>
          </reporter-output>
        </test-method> <!-- setupDriver -->
        <test-method signature="TestCase03(java.lang.String,java.lang.String,java.lang.String,java.lang.String,java.lang.String,java.lang.String,java.lang.String)[pri:1, instance:qtriptest.tests.testCase_03@72e5a8e]" started-at="2023-10-12T16:19:56 IST" name="TestCase03" description="Booking and Cancellation Flow Test" data-provider="bookingTestDatat3" finished-at="2023-10-12T16:20:35 IST" duration-ms="39703" status="PASS">
          <params>
            <param index="0">
              <value>
                <![CDATA[TC3_1@gmail.com]]>
              </value>
            </param>
            <param index="1">
              <value>
                <![CDATA[abc@123]]>
              </value>
            </param>
            <param index="2">
              <value>
                <![CDATA[Bengaluru]]>
              </value>
            </param>
            <param index="3">
              <value>
                <![CDATA[Niaboytown]]>
              </value>
            </param>
            <param index="4">
              <value>
                <![CDATA[palam]]>
              </value>
            </param>
            <param index="5">
              <value>
                <![CDATA[16-11-2025]]>
              </value>
            </param>
            <param index="6">
              <value>
                <![CDATA[2]]>
              </value>
            </param>
          </params>
          <reporter-output>
          </reporter-output>
        </test-method> <!-- TestCase03 -->
        <test-method signature="TestCase03(java.lang.String,java.lang.String,java.lang.String,java.lang.String,java.lang.String,java.lang.String,java.lang.String)[pri:1, instance:qtriptest.tests.testCase_03@72e5a8e]" started-at="2023-10-12T16:20:35 IST" name="TestCase03" description="Booking and Cancellation Flow Test" data-provider="bookingTestDatat3" finished-at="2023-10-12T16:21:15 IST" duration-ms="39470" status="PASS">
          <params>
            <param index="0">
              <value>
                <![CDATA[TC3_2@gmail.com]]>
              </value>
            </param>
            <param index="1">
              <value>
                <![CDATA[abc@123]]>
              </value>
            </param>
            <param index="2">
              <value>
                <![CDATA[Singapore]]>
              </value>
            </param>
            <param index="3">
              <value>
                <![CDATA[Grand Ashland]]>
              </value>
            </param>
            <param index="4">
              <value>
                <![CDATA[biden]]>
              </value>
            </param>
            <param index="5">
              <value>
                <![CDATA[26-11-2025]]>
              </value>
            </param>
            <param index="6">
              <value>
                <![CDATA[4]]>
              </value>
            </param>
          </params>
          <reporter-output>
          </reporter-output>
        </test-method> <!-- TestCase03 -->
        <test-method signature="TestCase03(java.lang.String,java.lang.String,java.lang.String,java.lang.String,java.lang.String,java.lang.String,java.lang.String)[pri:1, instance:qtriptest.tests.testCase_03@72e5a8e]" started-at="2023-10-12T16:21:15 IST" name="TestCase03" description="Booking and Cancellation Flow Test" data-provider="bookingTestDatat3" finished-at="2023-10-12T16:21:55 IST" duration-ms="39700" status="PASS">
          <params>
            <param index="0">
              <value>
                <![CDATA[TC3_3@gmail.com]]>
              </value>
            </param>
            <param index="1">
              <value>
                <![CDATA[abc@123]]>
              </value>
            </param>
            <param index="2">
              <value>
                <![CDATA[Bangkok]]>
              </value>
            </param>
            <param index="3">
              <value>
                <![CDATA[Tifwales Ferry]]>
              </value>
            </param>
            <param index="4">
              <value>
                <![CDATA[prabhu]]>
              </value>
            </param>
            <param index="5">
              <value>
                <![CDATA[26-12-2025]]>
              </value>
            </param>
            <param index="6">
              <value>
                <![CDATA[1]]>
              </value>
            </param>
          </params>
          <reporter-output>
          </reporter-output>
        </test-method> <!-- TestCase03 -->
        <test-method is-config="true" signature="teardownDriver()[pri:0, instance:qtriptest.tests.testCase_03@72e5a8e]" started-at="2023-10-12T16:26:50 IST" name="teardownDriver" finished-at="2023-10-12T16:26:50 IST" duration-ms="10" status="PASS">
          <reporter-output>
          </reporter-output>
        </test-method> <!-- teardownDriver -->
      </class> <!-- qtriptest.tests.testCase_03 -->
      <class name="qtriptest.tests.testCase_02">
        <test-method is-config="true" signature="setupDriver()[pri:0, instance:qtriptest.tests.testCase_02@7d4f9aae]" started-at="2023-10-12T16:19:06 IST" name="setupDriver" finished-at="2023-10-12T16:19:06 IST" duration-ms="2" status="PASS">
          <reporter-output>
          </reporter-output>
        </test-method> <!-- setupDriver -->
        <test-method signature="TestCase02(java.lang.String,java.lang.String,java.lang.String,int,int)[pri:1, instance:qtriptest.tests.testCase_02@7d4f9aae]" started-at="2023-10-12T16:19:20 IST" name="TestCase02" description="Search and Filters Test" data-provider="filterTestData" finished-at="2023-10-12T16:19:32 IST" duration-ms="11780" status="PASS">
          <params>
            <param index="0">
              <value>
                <![CDATA[Bengaluru]]>
              </value>
            </param>
            <param index="1">
              <value>
                <![CDATA[Cycling Routes]]>
              </value>
            </param>
            <param index="2">
              <value>
                <![CDATA[6-12 Hours]]>
              </value>
            </param>
            <param index="3">
              <value>
                <![CDATA[1]]>
              </value>
            </param>
            <param index="4">
              <value>
                <![CDATA[9]]>
              </value>
            </param>
          </params>
          <reporter-output>
          </reporter-output>
        </test-method> <!-- TestCase02 -->
        <test-method signature="TestCase02(java.lang.String,java.lang.String,java.lang.String,int,int)[pri:1, instance:qtriptest.tests.testCase_02@7d4f9aae]" started-at="2023-10-12T16:19:32 IST" name="TestCase02" description="Search and Filters Test" data-provider="filterTestData" finished-at="2023-10-12T16:19:44 IST" duration-ms="11648" status="PASS">
          <params>
            <param index="0">
              <value>
                <![CDATA[Singapore]]>
              </value>
            </param>
            <param index="1">
              <value>
                <![CDATA[Hillside Getaways]]>
              </value>
            </param>
            <param index="2">
              <value>
                <![CDATA[6-12 Hours]]>
              </value>
            </param>
            <param index="3">
              <value>
                <![CDATA[1]]>
              </value>
            </param>
            <param index="4">
              <value>
                <![CDATA[8]]>
              </value>
            </param>
          </params>
          <reporter-output>
          </reporter-output>
        </test-method> <!-- TestCase02 -->
        <test-method signature="TestCase02(java.lang.String,java.lang.String,java.lang.String,int,int)[pri:1, instance:qtriptest.tests.testCase_02@7d4f9aae]" started-at="2023-10-12T16:19:44 IST" name="TestCase02" description="Search and Filters Test" data-provider="filterTestData" finished-at="2023-10-12T16:19:56 IST" duration-ms="11798" status="PASS">
          <params>
            <param index="0">
              <value>
                <![CDATA[Goa]]>
              </value>
            </param>
            <param index="1">
              <value>
                <![CDATA[Party Spots]]>
              </value>
            </param>
            <param index="2">
              <value>
                <![CDATA[2-6 Hours]]>
              </value>
            </param>
            <param index="3">
              <value>
                <![CDATA[1]]>
              </value>
            </param>
            <param index="4">
              <value>
                <![CDATA[11]]>
              </value>
            </param>
          </params>
          <reporter-output>
          </reporter-output>
        </test-method> <!-- TestCase02 -->
        <test-method is-config="true" signature="tearDown()[pri:0, instance:qtriptest.tests.testCase_02@7d4f9aae]" started-at="2023-10-12T16:26:50 IST" name="tearDown" finished-at="2023-10-12T16:26:50 IST" duration-ms="0" status="PASS">
          <reporter-output>
          </reporter-output>
        </test-method> <!-- tearDown -->
      </class> <!-- qtriptest.tests.testCase_02 -->
    </test> <!-- Gradle test -->
  </suite> <!-- Gradle suite -->
</testng-results>
